..\gradlew : WARNING: 
A restricted method in 
java.lang.System has 
been called
At line:1 char:1
+ ..\gradlew 
assembleDebug 2>&1 | 
Out-File -FilePath 
build4.log -Encodi ...
+ ~~~~~~~~~~~~~~~~~~~~~
~~~~~~~~
    + CategoryInfo     
         : NotSpecifi  
  ed: (WARNING: A re   
 st...has been call    
ed:String) [], Rem    
oteException
    + FullyQualifiedEr 
   rorId : NativeComm  
  andError
 
WARNING: 
java.lang.System::load 
has been called by net.
rubygrapefruit.platform
.internal.NativeLibrary
Loader in an unnamed 
module (file:/C:/Users/
akars/.gradle/wrapper/d
ists/gradle-8.13-bin/5x
uhj0ry160q40clulazy9h7d
/gradle-8.13/lib/native
-platform-0.22-mileston
e-28.jar)
WARNING: Use --enable-n
ative-access=ALL-UNNAME
D to avoid a warning 
for callers in this 
module
WARNING: Restricted 
methods will be 
blocked in a future 
release unless native 
access is enabled

> Task :app:preBuild UP-TO-DATE
> Task :app:preDebugBuild UP-TO-DATE
> Task :app:mergeDebugNativeDebugMetadata NO-SOURCE
> Task :app:checkKotlinGradlePluginConfigurationErrors SKIPPED
> Task :app:checkDebugAarMetadata UP-TO-DATE
> Task :app:generateDebugResValues UP-TO-DATE
> Task :app:processDebugGoogleServices UP-TO-DATE
> Task :app:mapDebugSourceSetPaths UP-TO-DATE
> Task :app:generateDebugResources UP-TO-DATE
> Task :app:mergeDebugResources UP-TO-DATE
> Task :app:packageDebugResources UP-TO-DATE
> Task :app:parseDebugLocalResources UP-TO-DATE
> Task :app:createDebugCompatibleScreenManifests UP-TO-DATE
> Task :app:extractDeepLinksDebug UP-TO-DATE
> Task :app:processDebugMainManifest UP-TO-DATE
> Task :app:processDebugManifest UP-TO-DATE
> Task :app:processDebugManifestForPackage UP-TO-DATE
> Task :app:processDebugResources UP-TO-DATE
> Task :app:javaPreCompileDebug UP-TO-DATE
> Task :app:mergeDebugShaders UP-TO-DATE
> Task :app:compileDebugShaders NO-SOURCE
> Task :app:generateDebugAssets UP-TO-DATE
> Task :app:mergeDebugAssets UP-TO-DATE
> Task :app:compressDebugAssets UP-TO-DATE
> Task :app:checkDebugDuplicateClasses UP-TO-DATE
> Task :app:desugarDebugFileDependencies UP-TO-DATE
> Task :app:mergeExtDexDebug UP-TO-DATE
> Task :app:mergeLibDexDebug UP-TO-DATE
> Task :app:mergeDebugJniLibFolders UP-TO-DATE
> Task :app:mergeDebugNativeLibs UP-TO-DATE
> Task :app:stripDebugDebugSymbols UP-TO-DATE
> Task :app:validateSigningDebug UP-TO-DATE
> Task :app:writeDebugAppMetadata UP-TO-DATE
> Task :app:writeDebugSigningConfigVersions UP-TO-DATE

> Task :app:compileDebugKotlin FAILED
e: file:///C:/AndroidPr
ojects/app/src/main/jav
a/com/abpvt/newsapp/ui/
news/ArticleScreen.kt:2
0:47 Unresolved 
reference 'Bookmark'.
e: file:///C:/AndroidPr
ojects/app/src/main/jav
a/com/abpvt/newsapp/ui/
news/ArticleScreen.kt:2
1:47 Unresolved 
reference 
'BookmarkBorder'.
e: file:///C:/AndroidPr
ojects/app/src/main/jav
a/com/abpvt/newsapp/ui/
news/ArticleScreen.kt:7
7:74 Unresolved 
reference 
'BookmarkBorder'.
e: file:///C:/AndroidPr
ojects/app/src/main/jav
a/com/abpvt/newsapp/ui/
news/ArticleScreen.kt:7
7:107 Unresolved 
reference 
'BookmarkBorder'.
e: file:///C:/AndroidPr
ojects/app/src/main/jav
a/com/abpvt/newsapp/ui/
news/NewsItem.kt:28:47 
Unresolved reference 
'BookmarkBorder'.
e: file:///C:/AndroidPr
ojects/app/src/main/jav
a/com/abpvt/newsapp/ui/
news/NewsItem.kt:30:24 
Conflicting import: 
imported name 'Intent' 
is ambiguous.
e: file:///C:/AndroidPr
ojects/app/src/main/jav
a/com/abpvt/newsapp/ui/
news/NewsItem.kt:51:47 
Syntax error: imports 
are only allowed in 
the beginning of file.
e: file:///C:/AndroidPr
ojects/app/src/main/jav
a/com/abpvt/newsapp/ui/
news/NewsItem.kt:54:47 
Unresolved reference 
'BookmarkBorder'.
e: file:///C:/AndroidPr
ojects/app/src/main/jav
a/com/abpvt/newsapp/ui/
news/NewsItem.kt:56:24 
Conflicting import: 
imported name 'Intent' 
is ambiguous.
e: file:///C:/AndroidPr
ojects/app/src/main/jav
a/com/abpvt/newsapp/ui/
news/NewsItem.kt:319:74
 Unresolved reference 
'BookmarkBorder'.
e: file:///C:/AndroidPr
ojects/app/src/main/jav
a/com/abpvt/newsapp/ui/
news/NewsItem.kt:319:10
7 Unresolved reference 
'BookmarkBorder'.

FAILURE: Build failed 
with an exception.

* What went wrong:
Execution failed for 
task ':app:compileDebug
Kotlin'.
> A failure occurred 
while executing org.jet
brains.kotlin.compilerR
unner.GradleCompilerRun
nerWithWorkers$GradleKo
tlinCompilerWorkAction
   > Compilation 
error. See log for 
more details

* Try:
> Run with 
--stacktrace option to 
get the stack trace.
> Run with --info or 
--debug option to get 
more log output.
> Run with --scan to 
get full insights.
> Get more help at http
s://help.gradle.org.

BUILD FAILED in 2s
29 actionable tasks: 1 executed, 28 up-to-date
