..\gradlew : WARNING: A restricted method in java.lang.System 
has been called
At line:1 char:1
+ ..\gradlew assembleDebug 2>&1 | Out-File -FilePath build13.log 
-Encod ...
+ ~~~~~~~~~~~~~~~~~~~~~~~~~~~~~
    + CategoryInfo          : NotSpecified: (WARNING: A 
rest...ha    s been called:String) [], RemoteException
    + FullyQualifiedErrorId : NativeCommandError
 
WARNING: java.lang.System::load has been called by 
net.rubygrapefruit.platform.internal.NativeLibraryLoader in an 
unnamed module (file:/C:/Users/akars/.gradle/wrapper/dists/gradle
-8.13-bin/5xuhj0ry160q40clulazy9h7d/gradle-8.13/lib/native-platfo
rm-0.22-milestone-28.jar)
WARNING: Use --enable-native-access=ALL-UNNAMED to avoid a 
warning for callers in this module
WARNING: Restricted methods will be blocked in a future release 
unless native access is enabled

> Task :app:preBuild UP-TO-DATE
> Task :app:preDebugBuild UP-TO-DATE
> Task :app:mergeDebugNativeDebugMetadata NO-SOURCE
> Task :app:checkKotlinGradlePluginConfigurationErrors SKIPPED
> Task :app:checkDebugAarMetadata UP-TO-DATE
> Task :app:generateDebugResValues UP-TO-DATE
> Task :app:processDebugGoogleServices UP-TO-DATE
> Task :app:mapDebugSourceSetPaths UP-TO-DATE
> Task :app:generateDebugResources UP-TO-DATE
> Task :app:mergeDebugResources UP-TO-DATE
> Task :app:packageDebugResources UP-TO-DATE
> Task :app:parseDebugLocalResources UP-TO-DATE
> Task :app:createDebugCompatibleScreenManifests UP-TO-DATE
> Task :app:extractDeepLinksDebug UP-TO-DATE
> Task :app:processDebugMainManifest
> Task :app:processDebugManifest
> Task :app:javaPreCompileDebug UP-TO-DATE
> Task :app:mergeDebugShaders UP-TO-DATE
> Task :app:compileDebugShaders NO-SOURCE
> Task :app:generateDebugAssets UP-TO-DATE
> Task :app:mergeDebugAssets UP-TO-DATE
> Task :app:compressDebugAssets UP-TO-DATE
> Task :app:checkDebugDuplicateClasses UP-TO-DATE
> Task :app:desugarDebugFileDependencies UP-TO-DATE
> Task :app:mergeExtDexDebug UP-TO-DATE
> Task :app:mergeLibDexDebug UP-TO-DATE
> Task :app:mergeDebugJniLibFolders UP-TO-DATE
> Task :app:mergeDebugNativeLibs UP-TO-DATE
> Task :app:stripDebugDebugSymbols UP-TO-DATE
> Task :app:validateSigningDebug UP-TO-DATE
> Task :app:writeDebugAppMetadata UP-TO-DATE
> Task :app:writeDebugSigningConfigVersions UP-TO-DATE
> Task :app:processDebugManifestForPackage
> Task :app:processDebugResources

> Task :app:compileDebugKotlin
w: file:///C:/AndroidProjects/app/src/main/java/com/abpvt/newsapp/data/repository/CommentRepository.kt:67:53 Unchecked cast of 'kotlin.Any?' to 'kotlin.collections.MutableMap<kotlin.String, kotlin.Boolean>'.
w: file:///C:/AndroidProjects/app/src/main/java/com/abpvt/newsapp/data/repository/InteractionRepository.kt:40:48 Unchecked cast of 'kotlin.Any?' to 'kotlin.collections.Map<kotlin.String, kotlin.Boolean>'.
w: file:///C:/AndroidProjects/app/src/main/java/com/abpvt/newsapp/data/repository/InteractionRepository.kt:76:54 Unchecked cast of 'kotlin.Any?' to 'kotlin.collections.MutableMap<kotlin.String, kotlin.Boolean>'.
w: file:///C:/AndroidProjects/app/src/main/java/com/abpvt/newsapp/ui/news/ArticleScreen.kt:53:44 'val Icons.Filled.ArrowBack: ImageVector' is deprecated. Use the AutoMirrored version at Icons.AutoMirrored.Filled.ArrowBack.
w: file:///C:/AndroidProjects/app/src/main/java/com/abpvt/newsapp/ui/profile/BookmarksScreen.kt:38:44 'val Icons.Filled.ArrowBack: ImageVector' is deprecated. Use the AutoMirrored version at Icons.AutoMirrored.Filled.ArrowBack.
w: file:///C:/AndroidProjects/app/src/main/java/com/abpvt/newsapp/ui/profile/ProfileScreen.kt:70:44 'val Icons.Filled.ArrowBack: ImageVector' is deprecated. Use the AutoMirrored version at Icons.AutoMirrored.Filled.ArrowBack.

> Task :app:compileDebugJavaWithJavac NO-SOURCE
> Task :app:processDebugJavaRes UP-TO-DATE
> Task :app:mergeDebugJavaResource UP-TO-DATE
> Task :app:dexBuilderDebug
> Task :app:mergeProjectDexDebug
> Task :app:packageDebug
> Task :app:createDebugApkListingFileRedirect
> Task :app:assembleDebug

BUILD SUCCESSFUL in 5s
35 actionable tasks: 9 executed, 26 up-to-date
