..\gradlew : WARNING: A 
restricted method in 
java.lang.System has been 
called
At line:1 char:1
+ ..\gradlew assembleDebug 
2>&1 | Out-File -FilePath 
build.log -Encodin ...
+ 
~~~~~~~~~~~~~~~~~~~~~~~~~~~~~
    + CategoryInfo           
   : NotSpecified: (WARNING  
  : A rest...has been call   
 ed:String) [], RemoteExc    
eption
    + FullyQualifiedErrorId  
   : NativeCommandError
 
WARNING: 
java.lang.System::load has 
been called by net.rubygrapef
ruit.platform.internal.Native
LibraryLoader in an unnamed 
module (file:/C:/Users/akars/
.gradle/wrapper/dists/gradle-
8.13-bin/5xuhj0ry160q40clulaz
y9h7d/gradle-8.13/lib/native-
platform-0.22-milestone-28.ja
r)
WARNING: Use --enable-native-
access=ALL-UNNAMED to avoid 
a warning for callers in 
this module
WARNING: Restricted methods 
will be blocked in a future 
release unless native access 
is enabled

> Task :app:preBuild UP-TO-DATE
> Task :app:preDebugBuild UP-TO-DATE
> Task :app:mergeDebugNativeDebugMetadata NO-SOURCE
> Task :app:checkKotlinGradlePluginConfigurationErrors SKIPPED
> Task :app:checkDebugAarMetadata UP-TO-DATE
> Task :app:generateDebugResValues UP-TO-DATE
> Task :app:processDebugGoogleServices UP-TO-DATE
> Task :app:mapDebugSourceSetPaths UP-TO-DATE
> Task :app:generateDebugResources UP-TO-DATE
> Task :app:mergeDebugResources UP-TO-DATE
> Task :app:packageDebugResources UP-TO-DATE
> Task :app:parseDebugLocalResources UP-TO-DATE
> Task :app:createDebugCompatibleScreenManifests UP-TO-DATE
> Task :app:extractDeepLinksDebug UP-TO-DATE
> Task :app:processDebugMainManifest UP-TO-DATE
> Task :app:processDebugManifest UP-TO-DATE
> Task :app:processDebugManifestForPackage UP-TO-DATE
> Task :app:processDebugResources UP-TO-DATE
> Task :app:javaPreCompileDebug UP-TO-DATE
> Task :app:mergeDebugShaders UP-TO-DATE
> Task :app:compileDebugShaders NO-SOURCE
> Task :app:generateDebugAssets UP-TO-DATE
> Task :app:mergeDebugAssets UP-TO-DATE
> Task :app:compressDebugAssets UP-TO-DATE
> Task :app:checkDebugDuplicateClasses UP-TO-DATE
> Task :app:desugarDebugFileDependencies UP-TO-DATE
> Task :app:mergeExtDexDebug UP-TO-DATE
> Task :app:mergeLibDexDebug UP-TO-DATE
> Task :app:mergeDebugJniLibFolders UP-TO-DATE
> Task :app:mergeDebugNativeLibs UP-TO-DATE
> Task :app:stripDebugDebugSymbols UP-TO-DATE
> Task :app:validateSigningDebug UP-TO-DATE
> Task :app:writeDebugAppMetadata UP-TO-DATE
> Task :app:writeDebugSigningConfigVersions UP-TO-DATE

> Task :app:compileDebugKotlin FAILED
e: file:///C:/AndroidProjects
/app/src/main/java/com/abpvt/
newsapp/auth/AuthViewModel.kt
:38:24 Unresolved reference 
'launch'.
e: file:///C:/AndroidProjects
/app/src/main/java/com/abpvt/
newsapp/auth/AuthViewModel.kt
:42:75 Suspend function 
'suspend fun <T> 
Task<T>.await(): T' should 
be called only from a 
coroutine or another suspend 
function.
e: file:///C:/AndroidProjects
/app/src/main/java/com/abpvt/
newsapp/auth/AuthViewModel.kt
:61:24 Unresolved reference 
'launch'.
e: file:///C:/AndroidProjects
/app/src/main/java/com/abpvt/
newsapp/auth/AuthViewModel.kt
:65:79 Suspend function 
'suspend fun <T> 
Task<T>.await(): T' should 
be called only from a 
coroutine or another suspend 
function.
e: file:///C:/AndroidProjects
/app/src/main/java/com/abpvt/
newsapp/auth/AuthViewModel.kt
:74:56 Suspend function 
'suspend fun <T> 
Task<T>.await(): T' should 
be called only from a 
coroutine or another suspend 
function.
e: file:///C:/AndroidProjects
/app/src/main/java/com/abpvt/
newsapp/auth/AuthViewModel.kt
:102:24 Unresolved reference 
'launch'.
e: file:///C:/AndroidProjects
/app/src/main/java/com/abpvt/
newsapp/auth/AuthViewModel.kt
:113:56 Suspend function 
'suspend fun <T> 
Task<T>.await(): T' should 
be called only from a 
coroutine or another suspend 
function.

FAILURE: Build failed with 
an exception.

* What went wrong:
Execution failed for task 
':app:compileDebugKotlin'.
> A failure occurred while 
executing org.jetbrains.kotli
n.compilerRunner.GradleCompil
erRunnerWithWorkers$GradleKot
linCompilerWorkAction
   > Compilation error. See 
log for more details

* Try:
> Run with --stacktrace 
option to get the stack 
trace.
> Run with --info or --debug 
option to get more log 
output.
> Run with --scan to get 
full insights.
> Get more help at 
https://help.gradle.org.

BUILD FAILED in 2s
29 actionable tasks: 1 executed, 28 up-to-date
